
> @belaways/backend@1.0.0 sync:stock
> tsx src/scripts/sync-product-stock.ts

Produtos no cache: 1518
Produtos pendentes de estoque: 487
Shard: 2/3
Estoques 25/487 | atualizados 25 | com saldo 25 | falhas 0 | 155s
Estoques 50/487 | atualizados 50 | com saldo 50 | falhas 0 | 306s
Estoques 75/487 | atualizados 75 | com saldo 75 | falhas 0 | 337s
Estoques 100/487 | atualizados 100 | com saldo 100 | falhas 0 | 489s
Estoques 125/487 | atualizados 125 | com saldo 125 | falhas 0 | 521s
Estoques 150/487 | atualizados 150 | com saldo 150 | falhas 0 | 672s
Estoques 175/487 | atualizados 175 | com saldo 175 | falhas 0 | 705s
Estoques 200/487 | atualizados 200 | com saldo 200 | falhas 0 | 857s
Estoques 225/487 | atualizados 225 | com saldo 225 | falhas 0 | 949s
Estoques 250/487 | atualizados 250 | com saldo 250 | falhas 0 | 1041s
Estoques 275/487 | atualizados 275 | com saldo 275 | falhas 0 | 1134s
Estoques 300/487 | atualizados 300 | com saldo 300 | falhas 0 | 1224s
Estoques 325/487 | atualizados 325 | com saldo 325 | falhas 0 | 1317s
Estoques 350/487 | atualizados 350 | com saldo 350 | falhas 0 | 1408s
Estoques 375/487 | atualizados 375 | com saldo 375 | falhas 0 | 1499s
Estoques 400/487 | atualizados 400 | com saldo 400 | falhas 0 | 1590s
Estoques 425/487 | atualizados 425 | com saldo 425 | falhas 0 | 1681s
Estoques 450/487 | atualizados 450 | com saldo 450 | falhas 0 | 1772s
Estoques 475/487 | atualizados 475 | com saldo 475 | falhas 0 | 1802s
Estoques 487/487 | atualizados 487 | com saldo 487 | falhas 0 | 1817s
{
  "processed": 487,
  "updated": 487,
  "withStock": 487,
  "failures": 0,
  "elapsedSeconds": 1817
}
