Falha web image 1037632725 - 403 Forbidden
Falha web image 1037246010 - 403 Forbidden
Falha web image 1037938872 - 403 Forbidden
Falha web image 1037606841 - 403 Forbidden
Falha web image 1037246141 - 403 Forbidden
Falha web image 1037246089 - 403 Forbidden
Falha web image 1029843249 - 403 Forbidden
Falha web image 1037627462 - 403 Forbidden
Falha web image 1037762058 - 403 Forbidden
Falha web image 1037316996 - 403 Forbidden
Falha web image 1037316993 - 403 Forbidden
Falha web image 1037316990 - 403 Forbidden
Falha web image 1034462830 - 403 Forbidden
Falha web image 1040734553 - 403 Forbidden
Falha web image 1037877563 - 403 Forbidden
Falha web image 1037949427 - 403 Forbidden
Falha web image 1037818599 - 403 Forbidden
Falha web image 1037639903 - 403 Forbidden
Falha web image 1037605564 - 403 Forbidden
Falha web image 1037622531 - 403 Forbidden
Falha web image 1037755982 - 403 Forbidden
Falha web image 1037060074 - 403 Forbidden
Falha web image 1037935649 - 403 Forbidden
Falha web image 1037949236 - 403 Forbidden
Falha web image 1037953247 - 403 Forbidden
Falha web image 1037651306 - 403 Forbidden
Falha web image 1037703711 - 403 Forbidden
Falha web image 1037798768 - 403 Forbidden
Falha web image 1037817768 - 403 Forbidden
Falha web image 1037715411 - 403 Forbidden
Falha web image 1037818999 - 403 Forbidden
Falha web image 1037108502 - 403 Forbidden
Falha web image 1037643271 - 403 Forbidden
Falha web image 1032090823 - 403 Forbidden
Falha web image 1031285847 - 403 Forbidden
Falha web image 1031285486 - 403 Forbidden
Falha web image 1031285606 - 403 Forbidden
Falha web image 1031285753 - 403 Forbidden
Falha web image 1037619123 - 403 Forbidden
Falha web image 1032353500 - 403 Forbidden
Falha web image 1032353554 - 403 Forbidden
Falha web image 1032348966 - 403 Forbidden
Falha web image 1037881328 - 403 Forbidden
Falha web image 1037703677 - 403 Forbidden
Falha web image 1036997571 - 403 Forbidden
Falha web image 1037643272 - 403 Forbidden
Falha web image 1032056274 - 403 Forbidden
Falha web image 1032054854 - 403 Forbidden
Falha web image 1033129965 - 403 Forbidden
Falha web image 1037785976 - 403 Forbidden
Falha web image 1033130058 - 403 Forbidden
Falha web image 1033130143 - 403 Forbidden
Falha web image 1033130008 - 403 Forbidden
Falha web image 1033129910 - 403 Forbidden
Falha web image 1032661561 - 403 Forbidden
Falha web image 1032661623 - 403 Forbidden
Falha web image 1032090432 - 403 Forbidden
Falha web image 1032661846 - 403 Forbidden
Falha web image 1033683579 - 403 Forbidden
Falha web image 1033941764 - 403 Forbidden
Falha web image 1032090552 - 403 Forbidden
Falha web image 1032661894 - 403 Forbidden
Falha web image 1033941639 - 403 Forbidden
Falha web image 1033941704 - 403 Forbidden
Falha web image 1032661806 - 403 Forbidden
Falha web image 1033683667 - 403 Forbidden
Falha web image 1032090492 - 403 Forbidden
Falha web image 1032661728 - 403 Forbidden
Falha web image 1032661927 - 403 Forbidden
Falha web image 1032090251 - 403 Forbidden
Falha web image 1032090399 - 403 Forbidden
Falha web image 1037703691 - 403 Forbidden
Falha web image 1034508839 - 403 Forbidden
Falha web image 1031286186 - 403 Forbidden
Falha web image 1032354184 - 403 Forbidden
Falha web image 1032056459 - 403 Forbidden
Falha web image 1037818980 - 403 Forbidden
Falha web image 1037857319 - 403 Forbidden
Falha web image 1031451392 - 403 Forbidden
Falha web image 800118061 - 403 Forbidden
Falha web image 1037818978 - 403 Forbidden
Falha web image 799744270 - 403 Forbidden
Falha web image 1037839405 - 403 Forbidden
Falha web image 1037909487 - 403 Forbidden
Falha web image 1037692887 - 403 Forbidden
Falha web image 800118071 - 403 Forbidden
Falha web image 1037662087 - 403 Forbidden
Falha web image 690513876 - 403 Forbidden
Falha web image 748912302 - 403 Forbidden
Falha web image 1037799025 - 403 Forbidden
Falha web image 1029777912 - 403 Forbidden
Falha web image 1034551038 - 403 Forbidden
Falha web image 1029777942 - 403 Forbidden
Falha web image 1029777953 - 403 Forbidden
Falha web image 1029777963 - 403 Forbidden
Falha web image 1031161474 - 403 Forbidden
Falha web image 1037735926 - 403 Forbidden
Falha web image 1037614983 - 403 Forbidden
Falha web image 1037722412 - 403 Forbidden
Falha web image 1037807703 - 403 Forbidden
Falha web image 1037722413 - 403 Forbidden
Falha web image 1037763310 - 403 Forbidden
Falha web image 1037763311 - 403 Forbidden
Falha web image 1037661995 - 403 Forbidden
Falha web image 1037645880 - 403 Forbidden
Falha web image 1037838011 - 403 Forbidden
Falha web image 1037614969 - 403 Forbidden
Falha web image 1037614970 - 403 Forbidden
Falha web image 1037692523 - 403 Forbidden
Falha web image 1037624084 - 403 Forbidden
Falha web image 1037207184 - 403 Forbidden
Falha web image 1036186824 - 403 Forbidden
Falha web image 1037604656 - 403 Forbidden
Falha web image 1037604972 - 403 Forbidden
Falha web image 1037773579 - 403 Forbidden
Falha web image 1034704439 - 403 Forbidden
Falha web image 1037720958 - 403 Forbidden
Falha web image 1034388862 - 403 Forbidden
Falha web image 1037922749 - 403 Forbidden
Falha web image 1037739029 - 403 Forbidden
Falha web image 1037622310 - 403 Forbidden
Falha web image 1037741063 - 403 Forbidden
Falha web image 1030610091 - 403 Forbidden
Falha web image 1037757215 - 403 Forbidden
Falha web image 1037905068 - 403 Forbidden
Falha web image 1037695583 - 403 Forbidden
Falha web image 1037839027 - 403 Forbidden
Falha web image 1037622177 - 403 Forbidden
Falha web image 1037949198 - 403 Forbidden
Falha web image 1037651307 - 403 Forbidden
Falha web image 1031365428 - 403 Forbidden
Falha web image 1037756144 - 403 Forbidden
Falha web image 1037683689 - 403 Forbidden
Falha web image 1034449430 - 403 Forbidden
Falha web image 1034366750 - 403 Forbidden
Falha web image 1034555051 - 403 Forbidden
Falha web image 1037692849 - 403 Forbidden
Falha web image 1037746889 - 403 Forbidden
Falha web image 1037838004 - 403 Forbidden
Falha web image 1037806059 - 403 Forbidden
Falha web image 1034554411 - 403 Forbidden
Falha web image 1037701298 - 403 Forbidden
Falha web image 1037817357 - 403 Forbidden
Falha web image 1037947243 - 403 Forbidden
Falha web image 1036106575 - 403 Forbidden
Falha web image 1037490228 - 403 Forbidden
Falha web image 1037012850 - 403 Forbidden
Falha web image 1037622585 - 403 Forbidden
Falha web image 964366108 - 403 Forbidden
Falha web image 1034436795 - 403 Forbidden
Falha web image 1029778979 - 403 Forbidden
Falha web image 1034802307 - 403 Forbidden
Falha web image 1034802310 - 403 Forbidden
Falha web image 1036263939 - 403 Forbidden
Falha web image 1036263942 - 403 Forbidden
Falha web image 1037818997 - 403 Forbidden
Falha web image 1029779007 - 403 Forbidden
Falha web image 1036627971 - 403 Forbidden
Falha web image 1034393537 - 403 Forbidden
Falha web image 1031047993 - 403 Forbidden
Falha web image 1037838117 - 403 Forbidden
Falha web image 1034767556 - 403 Forbidden
Falha web image 1037742748 - 403 Forbidden
Falha web image 1037825038 - 403 Forbidden
Falha web image 1037742738 - 403 Forbidden
Falha web image 1037847213 - 403 Forbidden
Falha web image 1032627685 - 403 Forbidden
Falha web image 1032626671 - 403 Forbidden
Falha web image 1034648622 - 403 Forbidden
Falha web image 1032626547 - 403 Forbidden
Falha web image 1032188003 - 403 Forbidden
Falha web image 1032188081 - 403 Forbidden
Falha web image 1032187944 - 403 Forbidden
Falha web image 1031215372 - 403 Forbidden
Falha web image 1032188623 - 403 Forbidden
Falha web image 1037869614 - 403 Forbidden
Falha web image 1037621460 - 403 Forbidden
Falha web image 1031376779 - 403 Forbidden
Falha web image 1031376784 - 403 Forbidden
Falha web image 1031376789 - 403 Forbidden
Falha web image 1031376793 - 403 Forbidden
Falha web image 1031376797 - 403 Forbidden
Falha web image 1035050379 - 403 Forbidden
Falha web image 1035396193 - 403 Forbidden
Falha web image 1033700274 - 403 Forbidden
Falha web image 1032076968 - 403 Forbidden
Falha web image 1037205809 - 403 Forbidden
Falha web image 1038276591 - 403 Forbidden
Falha web image 1040342358 - 403 Forbidden
Falha web image 1029779190 - 403 Forbidden
Falha web image 1029779195 - 403 Forbidden
Falha web image 1040085230 - 403 Forbidden
Falha web image 1029779200 - 403 Forbidden
Falha web image 1040005480 - 403 Forbidden
Falha web image 1035264244 - 403 Forbidden
Falha web image 1031750888 - 403 Forbidden
Falha web image 1031750730 - 403 Forbidden
Falha web image 1029779229 - 403 Forbidden
Falha web image 1029779205 - 403 Forbidden
Falha web image 1029779244 - 403 Forbidden
Falha web image 1029779234 - 403 Forbidden
Falha web image 1029779249 - 403 Forbidden
Falha web image 1029779239 - 403 Forbidden
Falha web image 1036602060 - 403 Forbidden
Falha web image 1036602029 - 403 Forbidden
Falha web image 1037608459 - 403 Forbidden
Falha web image 1037668873 - 403 Forbidden
Falha web image 1037709118 - 403 Forbidden
Falha web image 1037805477 - 403 Forbidden
Falha web image 1037827712 - 403 Forbidden
Falha web image 1037953342 - 403 Forbidden
Falha web image 1037805264 - 403 Forbidden
Falha web image 1037711673 - 403 Forbidden
Falha web image 1035002310 - 403 Forbidden
Falha web image 1035288387 - 403 Forbidden
Falha web image 1029779325 - 403 Forbidden
Falha web image 1034807492 - 403 Forbidden
Falha web image 1029779257 - 403 Forbidden
Falha web image 1029779270 - 403 Forbidden
Falha web image 1029779283 - 403 Forbidden
Falha web image 1029779294 - 403 Forbidden
Falha web image 1029779305 - 403 Forbidden
Falha web image 1029779313 - 403 Forbidden
Falha web image 1029779341 - 403 Forbidden
Falha web image 1029779356 - 403 Forbidden
Falha web image 1037807334 - 403 Forbidden
Falha web image 1037882579 - 403 Forbidden
Falha web image 1037617776 - 403 Forbidden
Falha web image 1035288419 - 403 Forbidden
Falha web image 1037716270 - 403 Forbidden
Falha web image 1037373180 - 403 Forbidden
Falha web image 1037373247 - 403 Forbidden
Falha web image 1037373250 - 403 Forbidden
Falha web image 1030442697 - 403 Forbidden
Falha web image 1030883775 - 403 Forbidden
Falha web image 1034450293 - 403 Forbidden
Falha web image 1034407084 - 403 Forbidden
Falha web image 1034447034 - 403 Forbidden
Falha web image 1034702289 - 403 Forbidden
Falha web image 1037653755 - 403 Forbidden
Falha web image 1034551042 - 403 Forbidden
Falha web image 1037373347 - 403 Forbidden
Falha web image 1036582920 - 403 Forbidden
Falha web image 1037639394 - 403 Forbidden
Falha web image 1034512589 - 403 Forbidden
Falha web image 1034656184 - 403 Forbidden
Falha web image 1037282351 - 403 Forbidden
Falha web image 1037306702 - 403 Forbidden
Falha web image 1034554658 - 403 Forbidden
Falha web image 1034689557 - 403 Forbidden
Falha web image 1034407661 - 403 Forbidden
Falha web image 1037738711 - 403 Forbidden
Falha web image 1037265895 - 403 Forbidden
Falha web image 734568996 - 403 Forbidden
Falha web image 1038879954 - 403 Forbidden
Falha web image 1024338325 - 403 Forbidden
Falha web image 1029779408 - 403 Forbidden
Falha web image 981744560 - 403 Forbidden
Falha web image 1036962341 - 403 Forbidden
Falha web image 1037207136 - 403 Forbidden
Falha web image 1041328120 - 403 Forbidden
Falha web image 1037205360 - 403 Forbidden
Falha web image 1037205334 - 403 Forbidden
Falha web image 1035248841 - 403 Forbidden
Falha web image 1037205301 - 403 Forbidden
Falha web image 1032369262 - 403 Forbidden
Falha web image 1029779430 - 403 Forbidden
Falha web image 1037338291 - 403 Forbidden
Falha web image 1037338232 - 403 Forbidden
Falha web image 1034456132 - 403 Forbidden
Falha web image 1037338226 - 403 Forbidden
Falha web image 1034783891 - 403 Forbidden
Falha web image 1037953393 - 403 Forbidden
Falha web image 1037615266 - 403 Forbidden
Falha web image 1039969856 - 403 Forbidden
Falha web image 690514362 - 403 Forbidden
Falha web image 690514285 - 403 Forbidden
Falha web image 690514378 - 403 Forbidden
Falha web image 1029779482 - 403 Forbidden
Falha web image 690514390 - 403 Forbidden
Falha web image 690514406 - 403 Forbidden
Falha web image 690514711 - 403 Forbidden
Falha web image 690514767 - 403 Forbidden
Falha web image 1029779527 - 403 Forbidden
Falha web image 1038762273 - 403 Forbidden
Falha web image 1036999980 - 403 Forbidden
Falha web image 1037000055 - 403 Forbidden
Falha web image 1038969882 - 403 Forbidden
Falha web image 1037000017 - 403 Forbidden
Falha web image 946926971 - 403 Forbidden
Falha web image 1038763141 - 403 Forbidden
Falha web image 1036927140 - 403 Forbidden
Falha web image 1038970143 - 403 Forbidden
Falha web image 1036927088 - 403 Forbidden
Falha web image 1036927119 - 403 Forbidden
Falha web image 1039194495 - 403 Forbidden
Falha web image 690514509 - 403 Forbidden
Falha web image 1036386147 - 403 Forbidden
Falha web image 1036386035 - 403 Forbidden
Falha web image 1036386090 - 403 Forbidden
Falha web image 1036345940 - 403 Forbidden
Falha web image 1036346009 - 403 Forbidden
Falha web image 1036346116 - 403 Forbidden
Falha web image 1038763005 - 403 Forbidden
Falha web image 1036345618 - 403 Forbidden
Falha web image 1038761919 - 403 Forbidden
Falha web image 1038763001 - 403 Forbidden
Falha web image 1038761931 - 403 Forbidden
Falha web image 1038763042 - 403 Forbidden
Falha web image 1038761963 - 403 Forbidden
Falha web image 1038762763 - 403 Forbidden
Falha web image 1038762744 - 403 Forbidden
Falha web image 1038762713 - 403 Forbidden
Falha web image 1038970301 - 403 Forbidden
Falha web image 1037820909 - 403 Forbidden
Falha web image 1037264934 - 403 Forbidden
Falha web image 1037264912 - 403 Forbidden
Falha web image 1037264876 - 403 Forbidden
Falha web image 1037264862 - 403 Forbidden
Falha web image 690514311 - 403 Forbidden
Falha web image 690514535 - 403 Forbidden
Falha web image 690514551 - 403 Forbidden
Falha web image 1038970425 - 403 Forbidden
Falha web image 690514515 - 403 Forbidden
Falha web image 690514437 - 403 Forbidden
Falha web image 1029779575 - 403 Forbidden
Falha web image 1036329758 - 403 Forbidden
Falha web image 1029779469 - 403 Forbidden
Falha web image 1033534998 - 403 Forbidden
Falha web image 690514575 - 403 Forbidden
Falha web image 1036308996 - 403 Forbidden
Falha web image 690514581 - 403 Forbidden
Falha web image 1036309232 - 403 Forbidden
Falha web image 1036328700 - 403 Forbidden
Falha web image 1036328685 - 403 Forbidden
Falha web image 1030786799 - 403 Forbidden
Falha web image 1039886850 - 403 Forbidden
Falha web image 1037854766 - 403 Forbidden
Falha web image 1037854761 - 403 Forbidden
Falha web image 1037854582 - 403 Forbidden
Falha web image 1037854640 - 403 Forbidden
Falha web image 1038189384 - 403 Forbidden
Falha web image 1038970069 - 403 Forbidden
Falha web image 1034767707 - 403 Forbidden
Falha web image 1038763224 - 403 Forbidden
Falha web image 1029779585 - 403 Forbidden
Falha web image 1029779593 - 403 Forbidden
Falha web image 1029779600 - 403 Forbidden
Falha web image 901073807 - 403 Forbidden
Falha web image 1029779610 - 403 Forbidden
Falha web image 1029735285 - 403 Forbidden
Falha web image 1036925048 - 403 Forbidden
Falha web image 1036925239 - 403 Forbidden
Falha web image 1036924967 - 403 Forbidden
Falha web image 1029779623 - 403 Forbidden
Falha web image 1037248326 - 403 Forbidden
Falha web image 1034436743 - 403 Forbidden
Falha web image 1037957383 - 403 Forbidden
Falha web image 1029776829 - 403 Forbidden
Falha web image 1037818066 - 403 Forbidden
Falha web image 1037705802 - 403 Forbidden
Falha web image 1037411867 - 403 Forbidden
Falha web image 1040498245 - 403 Forbidden
Falha web image 1039970307 - 403 Forbidden
Falha web image 1037887745 - 403 Forbidden
Falha web image 1036712844 - 403 Forbidden
Falha web image 1039866574 - 403 Forbidden
Falha web image 1037854403 - 403 Forbidden
Falha web image 1039022620 - 403 Forbidden
Falha web image 1037822470 - 403 Forbidden
Falha web image 690514785 - 403 Forbidden
Falha web image 1037854391 - 403 Forbidden
Falha web image 1036762817 - 403 Forbidden
Falha web image 1036762813 - 403 Forbidden
Falha web image 1036762829 - 403 Forbidden
Falha web image 1037231542 - 403 Forbidden
Falha web image 1037798914 - 403 Forbidden
Falha web image 1037231640 - 403 Forbidden
Falha web image 1037231721 - 403 Forbidden
Falha web image 1037623070 - 403 Forbidden
Falha web image 1037231603 - 403 Forbidden
Falha web image 1037106879 - 403 Forbidden
Falha web image 1034443467 - 403 Forbidden
Falha web image 1037618026 - 403 Forbidden
Falha web image 1037291215 - 403 Forbidden
Falha web image 1037622514 - 403 Forbidden
Falha web image 1034426225 - 403 Forbidden
Falha web image 1039812638 - 403 Forbidden
Falha web image 1034569475 - 403 Forbidden
Falha web image 1037887750 - 403 Forbidden
Falha web image 1034678157 - 403 Forbidden
Falha web image 1039510213 - 403 Forbidden
Falha web image 1029779629 - 403 Forbidden
Falha web image 1036343493 - 403 Forbidden
Falha web image 1037871224 - 403 Forbidden
Falha web image 1034678070 - 403 Forbidden
Falha web image 1028768882 - 403 Forbidden
Falha web image 1034770111 - 403 Forbidden
Falha web image 1037675084 - 403 Forbidden
Falha web image 690514790 - 403 Forbidden
Falha web image 690514798 - 403 Forbidden
Falha web image 690514803 - 403 Forbidden
Falha web image 690514810 - 403 Forbidden
Falha web image 782207516 - 403 Forbidden
Falha web image 782207523 - 403 Forbidden
Falha web image 782207533 - 403 Forbidden
Falha web image 1037869228 - 403 Forbidden
Falha web image 690514816 - 403 Forbidden
Falha web image 690514823 - 403 Forbidden
Falha web image 690514838 - 403 Forbidden
Falha web image 690514882 - 403 Forbidden
Falha web image 690514886 - 403 Forbidden
Falha web image 690514892 - 403 Forbidden
Falha web image 1037640362 - 403 Forbidden
Falha web image 1037638469 - 403 Forbidden
Falha web image 690514905 - 403 Forbidden
Falha web image 690514909 - 403 Forbidden
Falha web image 690514920 - 403 Forbidden
Falha web image 1037334567 - 403 Forbidden
Falha web image 1037343719 - 403 Forbidden
Falha web image 1037334570 - 403 Forbidden
Falha web image 690515039 - 403 Forbidden
Falha web image 690515043 - 403 Forbidden
Falha web image 690515059 - 403 Forbidden
Falha web image 690515075 - 403 Forbidden
Falha web image 690515088 - 403 Forbidden
Falha web image 690515080 - 403 Forbidden
Falha web image 690515138 - 403 Forbidden
Falha web image 1037604590 - 403 Forbidden
Falha web image 690515152 - 403 Forbidden
Falha web image 690515144 - 403 Forbidden
Falha web image 690515159 - 403 Forbidden
Falha web image 1037638742 - 403 Forbidden
Falha web image 690515169 - 403 Forbidden
Falha web image 1033127263 - 403 Forbidden
Falha web image 1036963000 - 403 Forbidden
Falha web image 1036963022 - 403 Forbidden
Falha web image 1036963024 - 403 Forbidden
Falha web image 1037869229 - 403 Forbidden
Falha web image 690515185 - 403 Forbidden
Falha web image 690515194 - 403 Forbidden
Falha web image 690515202 - 403 Forbidden
Falha web image 782166210 - 403 Forbidden
Falha web image 782166216 - 403 Forbidden
Falha web image 782166226 - 403 Forbidden
Falha web image 765698804 - 403 Forbidden
Falha web image 690515208 - 403 Forbidden
Falha web image 690515219 - 403 Forbidden
Falha web image 690515260 - 403 Forbidden
Falha web image 690515266 - 403 Forbidden
Falha web image 690515279 - 403 Forbidden
Falha web image 1037625150 - 403 Forbidden
Falha web image 1037617349 - 403 Forbidden
Falha web image 1028729108 - 403 Forbidden
Falha web image 1036185074 - 403 Forbidden
Falha web image 1034487036 - 403 Forbidden
Falha web image 690515288 - 403 Forbidden
Falha web image 690515295 - 403 Forbidden
Falha web image 690515313 - 403 Forbidden
Falha web image 1029780017 - 403 Forbidden
Falha web image 1029780027 - 403 Forbidden
Falha web image 1040621354 - 403 Forbidden
Falha web image 690515322 - 403 Forbidden
Falha web image 1029780048 - 403 Forbidden
Falha web image 690515334 - 403 Forbidden
Falha web image 690515342 - 403 Forbidden
Falha web image 690515353 - 403 Forbidden
Falha web image 690515407 - 403 Forbidden
Falha web image 690515411 - 403 Forbidden
Falha web image 690515418 - 403 Forbidden
Falha web image 1029780056 - 403 Forbidden
Falha web image 1029780067 - 403 Forbidden
Falha web image 1029780073 - 403 Forbidden
Falha web image 690515424 - 403 Forbidden
Falha web image 690515434 - 403 Forbidden
Falha web image 690515451 - 403 Forbidden
Falha web image 690515462 - 403 Forbidden
Falha web image 882059393 - 403 Forbidden
Falha web image 1029780079 - 403 Forbidden
Falha web image 690515469 - 403 Forbidden
Falha web image 1029780087 - 403 Forbidden
Falha web image 690515476 - 403 Forbidden
Falha web image 1029780095 - 403 Forbidden
Falha web image 690515483 - 403 Forbidden
Falha web image 690515526 - 403 Forbidden
Falha web image 690515532 - 403 Forbidden
Falha web image 690515540 - 403 Forbidden
Falha web image 1029780116 - 403 Forbidden
Falha web image 1029780137 - 403 Forbidden
Falha web image 1029780143 - 403 Forbidden
Falha web image 1029780148 - 403 Forbidden
Falha web image 690515546 - 403 Forbidden
Falha web image 1029780154 - 403 Forbidden
Falha web image 690515558 - 403 Forbidden
Falha web image 1029780169 - 403 Forbidden
Falha web image 1029780175 - 403 Forbidden
Falha web image 690515570 - 403 Forbidden
Falha web image 690515576 - 403 Forbidden
Falha web image 690515582 - 403 Forbidden
Falha web image 1029780181 - 403 Forbidden
Falha web image 1029780195 - 403 Forbidden
Falha web image 1029780201 - 403 Forbidden
Falha web image 690515588 - 403 Forbidden
Falha web image 690515653 - 403 Forbidden
Falha web image 690515645 - 403 Forbidden
Falha web image 1029780207 - 403 Forbidden
Falha web image 1029780220 - 403 Forbidden
Falha web image 1029780227 - 403 Forbidden
Falha web image 690515668 - 403 Forbidden
Falha web image 690515674 - 403 Forbidden
Falha web image 690515664 - 403 Forbidden
Falha web image 1029780233 - 403 Forbidden
Falha web image 1029780243 - 403 Forbidden
Falha web image 1037856462 - 403 Forbidden
Falha web image 1028914568 - 403 Forbidden
Falha web image 1029780249 - 403 Forbidden
Falha web image 806947719 - 403 Forbidden
Falha web image 690515551 - 403 Forbidden
Falha web image 934449698 - 403 Forbidden
Falha web image 1029780267 - 403 Forbidden
Falha web image 690515682 - 403 Forbidden
Falha web image 690515690 - 403 Forbidden
Falha web image 1029780273 - 403 Forbidden
Falha web image 690515699 - 403 Forbidden
Falha web image 690515707 - 403 Forbidden
Falha web image 690515765 - 403 Forbidden
Falha web image 690515715 - 403 Forbidden
Falha web image 1029780280 - 403 Forbidden
Falha web image 1029780295 - 403 Forbidden
Falha web image 1029780301 - 403 Forbidden
Falha web image 690515772 - 403 Forbidden
Falha web image 690515788 - 403 Forbidden
Falha web image 690515779 - 403 Forbidden
Falha web image 1029780307 - 403 Forbidden
Falha web image 1029780327 - 403 Forbidden
Falha web image 1029780321 - 403 Forbidden
Falha web image 690515804 - 403 Forbidden
Falha web image 690515825 - 403 Forbidden
Falha web image 690515810 - 403 Forbidden
Falha web image 1029780333 - 403 Forbidden
Falha web image 1029780352 - 403 Forbidden
Falha web image 1029780346 - 403 Forbidden
Falha web image 1029780358 - 403 Forbidden
Falha web image 1028959055 - 403 Forbidden
Falha web image 1037452150 - 403 Forbidden
Falha web image 690515841 - 403 Forbidden
Falha web image 690515850 - 403 Forbidden
Falha web image 690515856 - 403 Forbidden
Falha web image 690515915 - 403 Forbidden
Falha web image 690515923 - 403 Forbidden
Falha web image 690515935 - 403 Forbidden
Falha web image 946927931 - 403 Forbidden
Falha web image 780618342 - 403 Forbidden
Falha web image 1029780375 - 403 Forbidden
Falha web image 780607929 - 403 Forbidden
Falha web image 690515948 - 403 Forbidden
Falha web image 1029031176 - 403 Forbidden
Falha web image 690515956 - 403 Forbidden
Falha web image 690515963 - 403 Forbidden
Falha web image 1037635233 - 403 Forbidden
Falha web image 1028704519 - 403 Forbidden
Falha web image 690515974 - 403 Forbidden
Falha web image 1029780396 - 403 Forbidden
Falha web image 690515986 - 403 Forbidden
Falha web image 1029780405 - 403 Forbidden
Falha web image 1029780438 - 403 Forbidden
Falha web image 1029780444 - 403 Forbidden
Falha web image 1029780450 - 403 Forbidden
Falha web image 1029780456 - 403 Forbidden
Falha web image 690516065 - 403 Forbidden
Falha web image 690516069 - 403 Forbidden
Falha web image 690516075 - 403 Forbidden
Falha web image 1029780466 - 403 Forbidden
Falha web image 1029780495 - 403 Forbidden
Falha web image 1029780501 - 403 Forbidden
Falha web image 1029780507 - 403 Forbidden
Falha web image 690516083 - 403 Forbidden
Falha web image 690516087 - 403 Forbidden
Falha web image 690516097 - 403 Forbidden
Falha web image 1029780534 - 403 Forbidden
Falha web image 1029780513 - 403 Forbidden
Falha web image 1029780540 - 403 Forbidden
Falha web image 1029780547 - 403 Forbidden
Falha web image 690516109 - 403 Forbidden
Falha web image 690516115 - 403 Forbidden
Falha web image 1029780554 - 403 Forbidden
Falha web image 690516134 - 403 Forbidden
Falha web image 1029780576 - 403 Forbidden
Falha web image 1029780583 - 403 Forbidden
Falha web image 690516154 - 403 Forbidden
Falha web image 690516215 - 403 Forbidden
Falha web image 690516221 - 403 Forbidden
Falha web image 1029780596 - 403 Forbidden
Falha web image 1029780611 - 403 Forbidden
Falha web image 1036601656 - 403 Forbidden
Falha web image 1029074433 - 403 Forbidden
Falha web image 1037471660 - 403 Forbidden
Falha web image 690516254 - 403 Forbidden
Falha web image 1037282748 - 403 Forbidden
Falha web image 1037282751 - 403 Forbidden
Falha web image 1037282754 - 403 Forbidden
Falha web image 1040632680 - 403 Forbidden
Falha web image 1040632697 - 403 Forbidden
Falha web image 1040632705 - 403 Forbidden
Falha web image 1040632701 - 403 Forbidden
Falha web image 1040632709 - 403 Forbidden
Falha web image 1040632689 - 403 Forbidden
Falha web image 1040632693 - 403 Forbidden
Falha web image 1035434342 - 403 Forbidden
npm error Lifecycle script `sync:web-images` failed with error:
npm error code 4294967295
npm error path C:\Users\PCZIN\Desktop\projetos-uso\Belaways ERP\backend
npm error workspace @belaways/backend@1.0.0
npm error location C:\Users\PCZIN\Desktop\projetos-uso\Belaways ERP\backend
npm error command failed
npm error command C:\Windows\system32\cmd.exe /d /s /c tsx src/scripts/sync-web-product-images.ts
